✅ 任务 'MacBook Air M1' 的prompt生成成功，长度: 4074 字符
✅ 任务 'DJI Mini 3 Pro' 的prompt生成成功，长度: 3865 字符
✅ 任务 '皮肤检测仪' 的prompt生成成功，长度: 3920 字符

--- 开始执行监控任务 ---
** 定时任务模式：只执行任务 'MacBook Air M1' **
--------------------
-> 任务 'MacBook Air M1' 已加入执行队列。

======================================================================
🚀 智能优化功能已启用:
   ✅ 自适应延迟管理 - 根据成功率动态调整速度
   ✅ 卖家信息缓存 - 避免重复采集，提升效率
======================================================================

LOG: 输出文件 jsonl\macbook_air_m1_full_data.jsonl 不存在，将创建新文件。
   -> 浏览器模式: 有头模式

======================================================================
⚠️  代理池未启用，当前为直连模式
======================================================================

[ 2026-01-04 13:23:36] 步骤 1 - 直接导航到搜索结果页...
[ 2026-01-04 13:23:36] 目标URL: https://www.goofish.com/search?q=macbook+air+m1
[ 2026-01-04 13:23:37] ✅ 页面导航成功
   [延迟] 等待 4.71 秒... (范围: 3-6s)
LOG: 未检测到广告弹窗。
[ 2026-01-04 13:23:48] 步骤 2 - 应用筛选条件...
   [延迟] 等待 2.83 秒... (范围: 2-4s)
